Sweeping markets: US, CA, UK, AU
Official registry: 8579 stores worldwide, 43 pages …
2126 unique, untracked, non-social shop domains across the requested markets.
2227 store(s) to sweep (101 already tracked, re-checked for regressions).
2227 to sweep this run.

  … 25/2227 done
  … 50/2227 done
  … 75/2227 done
  … 100/2227 done
  … 125/2227 done
  … 150/2227 done
  … 175/2227 done
  … 200/2227 done
  … 225/2227 done
  … 250/2227 done
  … 275/2227 done
  … 300/2227 done
  … 325/2227 done
  … 350/2227 done
  … 375/2227 done
